2026-09-20 19:42:40 | INFO    | +     0.8s | Run directory: /home/raiyan/PR/Bengali-Aggression-Memes/Runs/20260920-194239_abl_b11_s42
2026-09-20 19:42:40 | INFO    | +     0.8s | Device cuda:0, autocast=bf16
2026-09-20 19:42:40 | INFO    | +     0.8s | Collecting environment ...
2026-09-20 19:42:40 | INFO    | +     1.6s | Loading CLIP ViT-B/32 ...
2026-09-20 19:42:42 | INFO    | +     3.6s | AdaptFormer injected into 1/12 blocks (width 768, r=64, s=0.1, parallel): 99,136 adapter params (99,136 per block)
2026-09-20 19:42:42 | INFO    | +     3.6s | Trainable: 101,697 / 87,950,913 (0.116%) -- adapters 99,136, head 2,561
2026-09-20 19:42:42 | INFO    | +     3.6s | Loaders: 54/12/12 train/val/test batches (3393/727/728 memes)
2026-09-20 19:42:45 | INFO    | +     6.3s | epoch 0 (no training yet): val_acc=36.18% val_macroF1=0.3125  <- equals the clip_zeroshot.py baseline exactly under --no_amp; bf16 autocast shifts it by a few borderline samples
2026-09-20 19:42:59 | INFO    | +    19.9s | epoch 1: train_loss=1.2232 train_acc=52.05% val_acc=59.28% val_macroF1=0.5907 (13.6s) *best*
2026-09-20 19:43:13 | INFO    | +    33.8s | epoch 2: train_loss=0.9167 train_acc=65.22% val_acc=62.04% val_macroF1=0.6260 (13.9s) *best*
2026-09-20 19:43:26 | INFO    | +    47.4s | epoch 3: train_loss=0.8217 train_acc=69.04% val_acc=61.62% val_macroF1=0.6364 (13.6s) *best*
2026-09-20 19:43:40 | INFO    | +    61.2s | epoch 4: train_loss=0.7635 train_acc=71.38% val_acc=64.51% val_macroF1=0.6488 (13.8s) *best*
2026-09-20 19:43:54 | INFO    | +    74.9s | epoch 5: train_loss=0.7124 train_acc=73.15% val_acc=65.06% val_macroF1=0.6610 (13.7s) *best*
2026-09-20 19:44:08 | INFO    | +    89.0s | epoch 6: train_loss=0.6734 train_acc=73.67% val_acc=65.61% val_macroF1=0.6616 (14.1s) *best*
2026-09-20 19:44:22 | INFO    | +   102.9s | epoch 7: train_loss=0.6153 train_acc=76.88% val_acc=64.24% val_macroF1=0.6502 (13.8s)
2026-09-20 19:44:36 | INFO    | +   117.4s | epoch 8: train_loss=0.5890 train_acc=78.91% val_acc=66.44% val_macroF1=0.6753 (14.5s) *best*
2026-09-20 19:44:50 | INFO    | +   130.8s | epoch 9: train_loss=0.5548 train_acc=79.80% val_acc=65.89% val_macroF1=0.6651 (13.4s)
2026-09-20 19:45:03 | INFO    | +   144.5s | epoch 10: train_loss=0.5705 train_acc=77.95% val_acc=66.02% val_macroF1=0.6690 (13.7s)
2026-09-20 19:45:03 | INFO    | +   144.5s | Best epoch 8 by macro_f1 (val macro F1 0.6753, val acc 66.44%)
2026-09-20 19:45:03 | INFO    | +   144.5s | Trained tensors only: /home/raiyan/PR/Bengali-Aggression-Memes/Runs/20260920-194239_abl_b11_s42/adapter_head.pt (0.4 MB)
2026-09-20 19:45:03 | INFO    | +   144.5s | Reloaded best adapters+head for testing
2026-09-20 19:45:03 | INFO    | +   144.5s | === TEST EVALUATION ===
2026-09-20 19:45:06 | INFO    | +   147.3s | TEST acc=62.50%  weightedF1=0.6248  macroF1=0.6326  MMAE=0.9265861803493844
2026-09-20 19:45:06 | INFO    | +   147.3s | Run finished with exit code 0 (147.3s wall clock)
