2026-09-20 19:45:09 | INFO    | +     0.8s | Run directory: /home/raiyan/PR/Bengali-Aggression-Memes/Runs/20260920-194508_abl_all_s42
2026-09-20 19:45:09 | INFO    | +     0.8s | Device cuda:0, autocast=bf16
2026-09-20 19:45:09 | INFO    | +     0.8s | Collecting environment ...
2026-09-20 19:45:10 | INFO    | +     1.6s | Loading CLIP ViT-B/32 ...
2026-09-20 19:45:12 | INFO    | +     3.6s | AdaptFormer injected into 12/12 blocks (width 768, r=64, s=0.1, parallel): 1,189,632 adapter params (99,136 per block)
2026-09-20 19:45:12 | INFO    | +     3.6s | Trainable: 1,192,193 / 89,041,409 (1.339%) -- adapters 1,189,632, head 2,561
2026-09-20 19:45:12 | INFO    | +     3.6s | Loaders: 54/12/12 train/val/test batches (3393/727/728 memes)
2026-09-20 19:45:14 | INFO    | +     6.3s | epoch 0 (no training yet): val_acc=36.18% val_macroF1=0.3125  <- equals the clip_zeroshot.py baseline exactly under --no_amp; bf16 autocast shifts it by a few borderline samples
2026-09-20 19:45:28 | INFO    | +    20.4s | epoch 1: train_loss=1.2666 train_acc=51.04% val_acc=61.49% val_macroF1=0.6189 (14.1s) *best*
2026-09-20 19:45:42 | INFO    | +    34.3s | epoch 2: train_loss=0.8607 train_acc=65.36% val_acc=67.68% val_macroF1=0.6864 (14.0s) *best*
2026-09-20 19:45:56 | INFO    | +    48.3s | epoch 3: train_loss=0.6649 train_acc=74.02% val_acc=68.36% val_macroF1=0.6959 (14.0s) *best*
2026-09-20 19:46:10 | INFO    | +    62.1s | epoch 4: train_loss=0.4398 train_acc=83.91% val_acc=66.85% val_macroF1=0.6687 (13.8s)
2026-09-20 19:46:24 | INFO    | +    76.1s | epoch 5: train_loss=0.2399 train_acc=92.77% val_acc=65.89% val_macroF1=0.6700 (14.0s)
2026-09-20 19:46:38 | INFO    | +    89.9s | epoch 6: train_loss=0.0872 train_acc=98.12% val_acc=65.20% val_macroF1=0.6610 (13.8s)
2026-09-20 19:46:52 | INFO    | +   103.6s | epoch 7: train_loss=0.0290 train_acc=99.59% val_acc=67.13% val_macroF1=0.6824 (13.6s)
2026-09-20 19:47:05 | INFO    | +   117.3s | epoch 8: train_loss=0.0094 train_acc=99.86% val_acc=67.68% val_macroF1=0.6884 (13.8s)
2026-09-20 19:47:19 | INFO    | +   131.2s | epoch 9: train_loss=0.0042 train_acc=99.94% val_acc=67.95% val_macroF1=0.6927 (13.9s)
2026-09-20 19:47:33 | INFO    | +   145.2s | epoch 10: train_loss=0.0034 train_acc=99.97% val_acc=68.50% val_macroF1=0.6981 (14.0s) *best*
2026-09-20 19:47:33 | INFO    | +   145.2s | Best epoch 10 by macro_f1 (val macro F1 0.6981, val acc 68.50%)
2026-09-20 19:47:33 | INFO    | +   145.2s | Trained tensors only: /home/raiyan/PR/Bengali-Aggression-Memes/Runs/20260920-194508_abl_all_s42/adapter_head.pt (4.8 MB)
2026-09-20 19:47:33 | INFO    | +   145.2s | Reloaded best adapters+head for testing
2026-09-20 19:47:33 | INFO    | +   145.2s | === TEST EVALUATION ===
2026-09-20 19:47:36 | INFO    | +   148.1s | TEST acc=64.42%  weightedF1=0.6452  macroF1=0.6531  MMAE=0.8348027974568467
2026-09-20 19:47:36 | INFO    | +   148.1s | Run finished with exit code 0 (148.1s wall clock)
