
AdaptFormer per-block ablation -- one block adapted at a time
backbone ViT-B/32 | r=64 | 10 epochs | seeds 42,0,1 | head zeroshot

block          trainable   macro F1     +/-  n      acc  weighted F1
--------------------------------------------------------------------
0                101,697     0.6325  0.0077  3   0.6227       0.6233
1                101,697     0.6444  0.0000  1   0.6374       0.6364
2                101,697     0.6451  0.0000  1   0.6401       0.6381
3                101,697     0.6552  0.0000  1   0.6484       0.6477
4                101,697     0.6464  0.0000  1   0.6387       0.6381
5                101,697     0.6579  0.0000  1   0.6497       0.6497
6                101,697     0.6510  0.0000  1   0.6415       0.6415
7                101,697     0.6655  0.0000  1   0.6552       0.6568
8                101,697     0.6596  0.0104  3   0.6502       0.6507
9                101,697     0.6614  0.0000  1   0.6525       0.6526
10               101,697     0.6445  0.0000  1   0.6374       0.6348
11               101,697     0.6326  0.0000  1   0.6250       0.6248
--------------------------------------------------------------------
head only          2,561     0.6389  0.0057  3   0.6277       0.6295
all blocks     1,192,193     0.6559  0.0032  3   0.6470       0.6476
  n = seeds averaged; '+/-' is 0 wherever n = 1 and means nothing there.

Findings
  best single block : 7 (macro F1 0.6655)
  worst single block: 0 (macro F1 0.6325)
  spread across blocks: 0.0331 macro F1
  best single block over head-only floor: +0.0267
  block 7 alone MATCHES all-blocks (0.6655 vs 0.6559; the +0.0096 gap is inside the +/-0.0134 noise band) -- same result for 1/12 of the adapter budget, so adapting every block buys nothing here
  seed-to-seed std, over the 4 config(s) with repeats: 0.0067 -- treat gaps smaller than ~0.0134 as noise
  10 block(s) have a single seed (1, 2, 3, 4, 5, 6, 7, 9, 10, 11); their individual values carry that same ~0.0134 uncertainty

