2026-09-20 19:32:45 | INFO    | +     0.8s | Run directory: /home/raiyan/PR/Bengali-Aggression-Memes/Runs/20260920-193244_abl_b07_s42
2026-09-20 19:32:45 | INFO    | +     0.8s | Device cuda:0, autocast=bf16
2026-09-20 19:32:45 | INFO    | +     0.8s | Collecting environment ...
2026-09-20 19:32:46 | INFO    | +     1.6s | Loading CLIP ViT-B/32 ...
2026-09-20 19:32:48 | INFO    | +     3.6s | AdaptFormer injected into 1/12 blocks (width 768, r=64, s=0.1, parallel): 99,136 adapter params (99,136 per block)
2026-09-20 19:32:48 | INFO    | +     3.6s | Trainable: 101,697 / 87,950,913 (0.116%) -- adapters 99,136, head 2,561
2026-09-20 19:32:48 | INFO    | +     3.6s | Loaders: 54/12/12 train/val/test batches (3393/727/728 memes)
2026-09-20 19:32:50 | INFO    | +     6.3s | epoch 0 (no training yet): val_acc=36.18% val_macroF1=0.3125  <- equals the clip_zeroshot.py baseline exactly under --no_amp; bf16 autocast shifts it by a few borderline samples
2026-09-20 19:33:04 | INFO    | +    20.1s | epoch 1: train_loss=1.2154 train_acc=52.63% val_acc=61.07% val_macroF1=0.6102 (13.8s) *best*
2026-09-20 19:33:18 | INFO    | +    33.9s | epoch 2: train_loss=0.8850 train_acc=66.35% val_acc=64.10% val_macroF1=0.6492 (13.9s) *best*
2026-09-20 19:33:32 | INFO    | +    47.4s | epoch 3: train_loss=0.7686 train_acc=70.20% val_acc=64.37% val_macroF1=0.6586 (13.5s) *best*
2026-09-20 19:33:45 | INFO    | +    61.2s | epoch 4: train_loss=0.6944 train_acc=73.73% val_acc=66.44% val_macroF1=0.6656 (13.8s) *best*
2026-09-20 19:33:59 | INFO    | +    75.0s | epoch 5: train_loss=0.6185 train_acc=76.45% val_acc=66.99% val_macroF1=0.6811 (13.8s) *best*
2026-09-20 19:34:13 | INFO    | +    89.1s | epoch 6: train_loss=0.5638 train_acc=79.17% val_acc=67.13% val_macroF1=0.6777 (14.1s)
2026-09-20 19:34:27 | INFO    | +   102.9s | epoch 7: train_loss=0.5157 train_acc=81.45% val_acc=66.30% val_macroF1=0.6690 (13.9s)
2026-09-20 19:34:41 | INFO    | +   116.8s | epoch 8: train_loss=0.4862 train_acc=82.81% val_acc=66.99% val_macroF1=0.6786 (13.8s)
2026-09-20 19:34:54 | INFO    | +   130.2s | epoch 9: train_loss=0.4530 train_acc=84.03% val_acc=66.71% val_macroF1=0.6766 (13.5s)
2026-09-20 19:35:08 | INFO    | +   144.1s | epoch 10: train_loss=0.4518 train_acc=84.35% val_acc=66.44% val_macroF1=0.6748 (13.9s)
2026-09-20 19:35:08 | INFO    | +   144.1s | Best epoch 5 by macro_f1 (val macro F1 0.6811, val acc 66.99%)
2026-09-20 19:35:08 | INFO    | +   144.1s | Trained tensors only: /home/raiyan/PR/Bengali-Aggression-Memes/Runs/20260920-193244_abl_b07_s42/adapter_head.pt (0.4 MB)
2026-09-20 19:35:08 | INFO    | +   144.1s | Reloaded best adapters+head for testing
2026-09-20 19:35:08 | INFO    | +   144.1s | === TEST EVALUATION ===
2026-09-20 19:35:11 | INFO    | +   147.0s | TEST acc=65.52%  weightedF1=0.6568  macroF1=0.6655  MMAE=0.835378153732027
2026-09-20 19:35:11 | INFO    | +   147.0s | Run finished with exit code 0 (147.0s wall clock)
